main.c:105:6:HAL_TIM_IC_CaptureCallback	16	static
main.c:136:5:get_light_val	40	static
main.c:155:5:get_dist_val	16	static
main.c:161:6:brake	4	static
main.c:166:6:turnR	16	static
main.c:174:6:turnL	16	static
main.c:182:6:moveF	16	static
main.c:191:14:LightDetectHandler	8	static
main.c:202:14:LightOutOfRangeHandler	8	static
main.c:207:14:ObstacleDetectHandler	40	static
main.c:231:14:ReadEvent	72	static
main.c:271:5:main	16	static
main.c:361:6:SystemClock_Config	88	static
main.c:405:13:MX_I2C1_Init	8	static
main.c:439:13:MX_TIM1_Init	96	static
main.c:514:13:MX_TIM2_Init	48	static
main.c:572:13:MX_TIM3_Init	64	static
main.c:631:13:MX_TIM4_Init	64	static
main.c:690:13:MX_TIM5_Init	64	static
main.c:749:13:MX_USART2_UART_Init	8	static
main.c:782:13:MX_GPIO_Init	48	static
main.c:818:6:Error_Handler	4	static
